// Vitest Snapshot v1, https://vitest.dev/guide/snapshot.html

exports[`F4 — ToolExtra plumbing is additive and inert > registers the whole tool surface with unique names (registry parity gate) > all-registered-tool-names 1`] = `
[
  "add_custom_parameters",
  "add_timecode_overlay",
  "analyze_project",
  "animate_parameter",
  "apply_glsl_top_mapping",
  "apply_lut",
  "apply_post_processing",
  "apply_recipe",
  "apply_shader_from_vault",
  "arrange_network",
  "atem_switcher_control",
  "attach_docs_as_assets",
  "audio_fingerprint_to_visual",
  "author_script_operator",
  "auto_repair_loop",
  "auto_tag_library_asset",
  "auto_ui_from_params",
  "batch_operations",
  "bind_audio_reactive",
  "bind_to_channel",
  "bind_vault_text",
  "blender_scene_import",
  "browse_library",
  "browse_vault_library",
  "build_chop_chain",
  "build_pop_chain",
  "build_sop_geometry",
  "bundle_dependencies",
  "caption_top",
  "capture_to_vault",
  "check_operator_availability",
  "checksum_and_verify_pack",
  "clip_audio_transport",
  "collect_project_assets",
  "compact_graph_digest",
  "compare_operator_docs",
  "compare_td_nodes",
  "component_changelog_trail",
  "component_link_health",
  "compose_cue_list",
  "connect_a1111_webui_bridge",
  "connect_ableton_link_session",
  "connect_adsb_aircraft_bus",
  "connect_airtable_content_bus",
  "connect_ais_vessel_bus",
  "connect_arkit_face_capture",
  "connect_blackmagic_atem",
  "connect_ble_beacon_bus",
  "connect_calendar_schedule_bus",
  "connect_casparcg_server",
  "connect_comfyui",
  "connect_companion_surface",
  "connect_daydream_cloud",
  "connect_discord_interaction_bus",
  "connect_disguise_stage",
  "connect_door_access_bus",
  "connect_environmental_sensor_bus",
  "connect_figma_design_tokens",
  "connect_geojson_feature_bus",
  "connect_google_sheets_cue_table",
  "connect_gps_fleet_tracker",
  "connect_grafana_annotation_bridge",
  "connect_gtfs_transit_feed",
  "connect_homeassistant_state_bus",
  "connect_houdini_engine_bridge",
  "connect_huggingface_inference_bridge",
  "connect_influxdb_timeseries_bridge",
  "connect_isadora_patch",
  "connect_kafka_event_bus",
  "connect_lighting_console_osc",
  "connect_madmapper_surface",
  "connect_map_tile_overlay",
  "connect_matrix_room_bus",
  "connect_max_msp_bridge",
  "connect_midi_mpe_controller",
  "connect_millumin_show",
  "connect_mqtt_iot_bus",
  "connect_nfc_tap_bus",
  "connect_nodes",
  "connect_noise_level_bus",
  "connect_notion_show_rundown",
  "connect_obs_recorder",
  "connect_omniverse_usd_bridge",
  "connect_opcua_industrial_bus",
  "connect_oscquery_namespace",
  "connect_pangolin_beyond",
  "connect_parking_occupancy_bus",
  "connect_people_counting_bus",
  "connect_pos_sales_telemetry",
  "connect_power_meter_bus",
  "connect_prometheus_metrics_panel",
  "connect_public_alerts_bus",
  "connect_qlab_cue_stack",
  "connect_qr_scan_bus",
  "connect_queue_length_bus",
  "connect_reaper_transport",
  "connect_redis_pubsub_bus",
  "connect_replicate_prediction_bridge",
  "connect_resolume_arena",
  "connect_rfid_badge_bus",
  "connect_rss_feed_bus",
  "connect_runway_video_bridge",
  "connect_rvc_voice_conversion_bus",
  "connect_s3_media_bucket",
  "connect_serial_device_bus",
  "connect_slack_ops_bridge",
  "connect_spout_syphon_router",
  "connect_supercollider_synth",
  "connect_ticketing_checkin_bus",
  "connect_tidalcycles_livecoding",
  "connect_tiktok_live_events_bus",
  "connect_touchengine_notch",
  "connect_tuio_touch_surface",
  "connect_twitch_eventsub_bus",
  "connect_udp_telemetry_bridge",
  "connect_unity_osc_bridge",
  "connect_uwb_anchor_bus",
  "connect_vdmx_workspace",
  "connect_video_stream_receiver",
  "connect_vmix_production",
  "connect_weather_forecast_bus",
  "connect_webrtc_browser_input",
  "connect_websocket_control_bus",
  "connect_whisper_transcription_bus",
  "connect_wifi_presence_bus",
  "connect_xsens_mvn_mocap",
  "connect_youtube_live_chat_bus",
  "control_timeline_transport",
  "controlled_disorder_grid",
  "copilot_vision",
  "create_3d_audio_reactive",
  "create_3d_scene",
  "create_ai_mirror",
  "create_artnet_discovery_panel",
  "create_ascii_render",
  "create_asemic_writing",
  "create_audio_glsl_uniforms",
  "create_audio_reactive",
  "create_auto_montage",
  "create_automation_lane",
  "create_autopilot",
  "create_azure_kinect_body_bus",
  "create_band_router",
  "create_beat_grid_sequencer",
  "create_blacktrax_tracking_bus",
  "create_blender_scene_bridge",
  "create_blob_reactive",
  "create_blob_trace",
  "create_body_bubbles",
  "create_body_reactive",
  "create_capture_loop",
  "create_chop_recorder",
  "create_chroma_reactive",
  "create_chrome_blobs",
  "create_clip_launcher",
  "create_color_grade",
  "create_color_wheels",
  "create_companion_surface",
  "create_container",
  "create_control_panel",
  "create_control_surface",
  "create_cubemap_dome",
  "create_cue_sequencer",
  "create_data_reactive",
  "create_data_source",
  "create_data_source_http_ws",
  "create_data_visualization",
  "create_datamosh",
  "create_decklink_io_router",
  "create_decks",
  "create_depth_displacement",
  "create_depth_from_2d",
  "create_depth_pop_field",
  "create_depth_silhouette",
  "create_depthai_oak_pipeline",
  "create_detection_reactive",
  "create_direct_display_output",
  "create_displacement_warp",
  "create_dither",
  "create_dmx_fixture_pipeline",
  "create_dome_output",
  "create_energy_structure",
  "create_engine_comp",
  "create_envelope_follower",
  "create_euclidean_sequencer",
  "create_external_io",
  "create_facade_mapping",
  "create_feedback_network",
  "create_feedback_tunnel",
  "create_fixture_control",
  "create_flow_abstraction",
  "create_fluid_sim",
  "create_gaussian_splat_scene",
  "create_generative_art",
  "create_generative_audio",
  "create_geo_visualization",
  "create_glitch",
  "create_glsl_material",
  "create_glsl_shader",
  "create_gpu_particle_field",
  "create_growth_system",
  "create_halftone",
  "create_hand_ableton_mapper",
  "create_hand_gesture_bus",
  "create_hand_hologram",
  "create_histogram_scope",
  "create_hokuyo_lidar_bus",
  "create_interaction_zones",
  "create_interactive_projection_mapping",
  "create_iphone_depth_source",
  "create_jfa_voronoi",
  "create_kaleidoscope",
  "create_keyer",
  "create_keyframe_animation",
  "create_kinect_wall_harp",
  "create_kinetic_text",
  "create_layer_mixer",
  "create_layer_stack",
  "create_leap_motion_hand_bus",
  "create_led_mapper",
  "create_live_source",
  "create_livox_lidar_bus",
  "create_llm_chain",
  "create_look_bank",
  "create_ltc_timecode_bridge",
  "create_macro",
  "create_media_bin",
  "create_mesh_warp",
  "create_midi_map",
  "create_midi_note_reactive",
  "create_mocap_stream_bridge",
  "create_modulators",
  "create_monitor_layout_panel",
  "create_motion_reactive",
  "create_mpcdi_projection_mapper",
  "create_multi_output",
  "create_multitouch_panel_bus",
  "create_ncam_camera_tracking_bus",
  "create_ndi_router_matrix",
  "create_node_chain",
  "create_npr_filter",
  "create_nuitrack_body_bus",
  "create_openxr_controller_bridge",
  "create_optical_flow",
  "create_optitrack_tracking_bus",
  "create_orbbec_depth_silhouette",
  "create_ouster_lidar_bus",
  "create_palette",
  "create_panic",
  "create_particle_flock",
  "create_particle_system",
  "create_pbr_scene",
  "create_phone_gesture",
  "create_phone_remote",
  "create_phrase_locked_cue_engine",
  "create_pixel_sort",
  "create_point_cloud",
  "create_pointer_reactive",
  "create_pop_field",
  "create_pop_geometry",
  "create_pop_growth",
  "create_pop_lines_pointcloud",
  "create_pop_particle_system",
  "create_pose_controlnet_driver",
  "create_pose_reactive",
  "create_pose_skeleton",
  "create_pose_tracking",
  "create_preset_morph",
  "create_prob_sequencer",
  "create_projection_mapping",
  "create_python_script",
  "create_raymarch_scene",
  "create_raytk_op",
  "create_raytk_scene",
  "create_raytk_sdf_graph",
  "create_reaction_diffusion",
  "create_realsense_depth_bus",
  "create_replicator",
  "create_safety_blackout_chain",
  "create_sam2_segmentation_bridge",
  "create_scalable_display_bus",
  "create_scene_timeline",
  "create_scheduler",
  "create_sdf_field",
  "create_sdf_text",
  "create_set_navigator",
  "create_setlist_runner",
  "create_shader_lib",
  "create_shader_park",
  "create_shared_memory_bridge",
  "create_show_failover",
  "create_sidechain_pump",
  "create_simulation",
  "create_slit_scan",
  "create_spectrum",
  "create_stage_dashboard",
  "create_step_repeat",
  "create_stipple_pointcloud",
  "create_strange_attractor",
  "create_strobe",
  "create_synesthesia_unreal_osc",
  "create_td_node",
  "create_tempo_sync",
  "create_terrain",
  "create_test_pattern",
  "create_text_3d",
  "create_text_crawl",
  "create_text_overlay",
  "create_time_echo",
  "create_touchosc_layout",
  "create_transient_reactive",
  "create_transition",
  "create_two_way_surface",
  "create_unreal_livelink_bridge",
  "create_vcv_rack_bridge",
  "create_vector_lines",
  "create_vertex_displacement_mat",
  "create_video_player",
  "create_video_scopes",
  "create_video_synth",
  "create_vintage_lens",
  "create_vioso_warp_panel",
  "create_visual_system",
  "create_voice_prompt_pipeline",
  "create_volumetric_field",
  "create_voxel_stack",
  "create_waveform",
  "create_window_output_matrix",
  "create_xy_pad",
  "create_yolo_onnx_tracker",
  "create_zed_depth_bus",
  "curated_collection_pack",
  "delete_td_node",
  "detect_onsets",
  "detect_pitch",
  "detect_tempo",
  "diagnose_hardware_environment",
  "diagnose_tdableton_mapper",
  "diff_library_assets",
  "diff_snapshots",
  "disconnect_nodes",
  "document_network",
  "draft_recipe_from_operator_chain",
  "draft_recipe_from_technique",
  "draft_recipe_from_tutorial",
  "drive_streamdiffusion",
  "duplicate_network",
  "edit_dat_content",
  "edit_shader_live_loop",
  "elicit_missing_args",
  "enhance_build",
  "exec_node_method",
  "execute_python_script",
  "export_externalized_tree",
  "export_look_tox",
  "export_network_to_vault",
  "export_palette_component",
  "export_recipe_bundle",
  "export_render_preset",
  "export_setlist_to_vault",
  "export_sop_to_svg",
  "extend_data_source_fabric",
  "extract_audio_features",
  "extract_palette",
  "find_td_nodes",
  "focus_network_editor",
  "generate_from_moodboard",
  "generate_library_index",
  "generate_readme",
  "generative_classics_pack",
  "get_bridge_logs",
  "get_dat_content",
  "get_inline_preview",
  "get_module_help",
  "get_node_state_runtime",
  "get_operator_workflow_guide",
  "get_parameter_menu",
  "get_preview",
  "get_td_class_details",
  "get_td_classes",
  "get_td_info",
  "get_td_node_errors",
  "get_td_node_flags",
  "get_td_node_parameters",
  "get_td_nodes",
  "get_td_performance",
  "get_td_topology",
  "get_technique_detail",
  "get_tutorial",
  "image_to_particles",
  "import_isf_shader",
  "import_model",
  "import_recipe_bundle",
  "import_recipe_from_url",
  "import_setlist",
  "import_shadertoy",
  "inspect_component_manifest",
  "inspect_gpu_and_displays",
  "inspect_op_extensions_storage",
  "install_library_package",
  "learn_control",
  "learn_conventions",
  "learn_from_my_corpus",
  "library_lineage_graph",
  "lidar_floor_tracker",
  "lint_recipe_library",
  "list_recipes",
  "load_session_profile",
  "local_marketplace_index",
  "log_performance",
  "macro_recorder",
  "make_portable_tox",
  "manage_annotation",
  "manage_checkpoint",
  "manage_component",
  "manage_component_storage",
  "manage_cue",
  "manage_packages",
  "manage_presets",
  "marketplace_index_seed",
  "merge_vaults",
  "moodboard_to_system",
  "morph_pack",
  "multipass_3d_depth",
  "narrate_set",
  "notch_touchengine_bridge",
  "obs_stream_control",
  "one_source_five_ways",
  "optimize_performance",
  "osc_router_matrix",
  "plan_td_version_migration",
  "plan_visual",
  "post_passes_3d",
  "profile_cook_cost",
  "project_documentation_site",
  "projector_calibration_wizard",
  "provenance_stamp",
  "publish_recipe_bundle",
  "qlab_osc_bridge",
  "randomize_controls",
  "raytk_expr_graph_builder",
  "read_parameter_modes",
  "rebuild_network",
  "recall_similar_work",
  "record_movie",
  "refresh_asset_previews",
  "reload_bridge",
  "render_output",
  "repair_network",
  "resolume_vdmx_output_chain",
  "run_macro_script",
  "save_component_to_vault",
  "save_recipe_to_vault",
  "scaffold_extension",
  "scaffold_genre",
  "scaffold_recipe_from_network",
  "scaffold_recipe_template",
  "scaffold_show",
  "scaffold_tool_generator",
  "scaffold_vault",
  "scaffold_vj_deck",
  "score_build",
  "search_operators",
  "search_python_api",
  "search_touchdesigner_knowledge",
  "serialize_network",
  "set_dat_content",
  "set_parameter_expression",
  "set_parameters_batch",
  "set_perform_mode",
  "setup_body_tracking",
  "setup_face_tracking",
  "setup_hand_tracking",
  "setup_mediapipe_plugin",
  "setup_output",
  "setup_segmentation",
  "setup_tdableton",
  "show_preflight_report",
  "snapshot_td_graph",
  "style_memory",
  "suggest_operator_chain",
  "summarize_td_errors",
  "swap_operator",
  "sync_external_clock",
  "sync_presets_vault",
  "sync_timecode",
  "tag_and_search_library",
  "tutorial_companion_pack",
  "update_td_node_parameters",
  "validate_library_asset",
  "validate_operator_chain",
  "variant_pack",
  "vault_repo_sync",
  "version_library_asset",
  "watch_node",
  "watch_parameter_changes",
  "write_agent_guide",
]
`;
