// Vitest Snapshot v1, https://vitest.dev/guide/snapshot.html

exports[`F4 — ToolExtra plumbing is additive and inert > registers the whole tool surface with unique names (registry parity gate) > all-registered-tool-names 1`] = `
[
  "add_custom_parameters",
  "add_timecode_overlay",
  "analyze_project",
  "animate_parameter",
  "apply_glsl_top_mapping",
  "apply_lut",
  "apply_post_processing",
  "apply_recipe",
  "apply_shader_from_vault",
  "arrange_network",
  "attach_docs_as_assets",
  "audio_fingerprint_to_visual",
  "author_script_operator",
  "auto_repair_loop",
  "auto_tag_library_asset",
  "batch_operations",
  "bind_audio_reactive",
  "bind_to_channel",
  "bind_vault_text",
  "browse_library",
  "browse_vault_library",
  "build_chop_chain",
  "build_pop_chain",
  "build_sop_geometry",
  "bundle_dependencies",
  "caption_top",
  "capture_to_vault",
  "check_operator_availability",
  "checksum_and_verify_pack",
  "collect_project_assets",
  "compact_graph_digest",
  "compare_operator_docs",
  "compare_td_nodes",
  "component_changelog_trail",
  "component_link_health",
  "compose_cue_list",
  "connect_comfyui",
  "connect_daydream_cloud",
  "connect_nodes",
  "control_timeline_transport",
  "controlled_disorder_grid",
  "copilot_vision",
  "create_3d_audio_reactive",
  "create_3d_scene",
  "create_ai_mirror",
  "create_ascii_render",
  "create_asemic_writing",
  "create_audio_glsl_uniforms",
  "create_audio_reactive",
  "create_auto_montage",
  "create_automation_lane",
  "create_autopilot",
  "create_band_router",
  "create_beat_grid_sequencer",
  "create_blob_reactive",
  "create_blob_trace",
  "create_body_bubbles",
  "create_body_reactive",
  "create_capture_loop",
  "create_chop_recorder",
  "create_chroma_reactive",
  "create_chrome_blobs",
  "create_clip_launcher",
  "create_color_grade",
  "create_color_wheels",
  "create_container",
  "create_control_panel",
  "create_control_surface",
  "create_cubemap_dome",
  "create_cue_sequencer",
  "create_data_reactive",
  "create_data_source",
  "create_data_source_http_ws",
  "create_data_visualization",
  "create_datamosh",
  "create_decks",
  "create_depth_displacement",
  "create_depth_from_2d",
  "create_depth_pop_field",
  "create_depth_silhouette",
  "create_detection_reactive",
  "create_displacement_warp",
  "create_dither",
  "create_dmx_fixture_pipeline",
  "create_dome_output",
  "create_energy_structure",
  "create_engine_comp",
  "create_envelope_follower",
  "create_euclidean_sequencer",
  "create_external_io",
  "create_facade_mapping",
  "create_feedback_network",
  "create_feedback_tunnel",
  "create_fixture_control",
  "create_flow_abstraction",
  "create_fluid_sim",
  "create_gaussian_splat_scene",
  "create_generative_art",
  "create_generative_audio",
  "create_geo_visualization",
  "create_glitch",
  "create_glsl_material",
  "create_glsl_shader",
  "create_gpu_particle_field",
  "create_growth_system",
  "create_halftone",
  "create_hand_ableton_mapper",
  "create_hand_gesture_bus",
  "create_hand_hologram",
  "create_histogram_scope",
  "create_interaction_zones",
  "create_interactive_projection_mapping",
  "create_jfa_voronoi",
  "create_kaleidoscope",
  "create_keyer",
  "create_keyframe_animation",
  "create_kinect_wall_harp",
  "create_kinetic_text",
  "create_layer_mixer",
  "create_layer_stack",
  "create_led_mapper",
  "create_live_source",
  "create_llm_chain",
  "create_look_bank",
  "create_macro",
  "create_media_bin",
  "create_mesh_warp",
  "create_midi_map",
  "create_midi_note_reactive",
  "create_modulators",
  "create_motion_reactive",
  "create_multi_output",
  "create_node_chain",
  "create_npr_filter",
  "create_optical_flow",
  "create_palette",
  "create_panic",
  "create_particle_flock",
  "create_particle_system",
  "create_pbr_scene",
  "create_phone_gesture",
  "create_phone_remote",
  "create_phrase_locked_cue_engine",
  "create_pixel_sort",
  "create_point_cloud",
  "create_pointer_reactive",
  "create_pop_field",
  "create_pop_geometry",
  "create_pop_growth",
  "create_pop_lines_pointcloud",
  "create_pop_particle_system",
  "create_pose_controlnet_driver",
  "create_pose_reactive",
  "create_pose_skeleton",
  "create_pose_tracking",
  "create_preset_morph",
  "create_prob_sequencer",
  "create_projection_mapping",
  "create_python_script",
  "create_raymarch_scene",
  "create_reaction_diffusion",
  "create_replicator",
  "create_safety_blackout_chain",
  "create_scene_timeline",
  "create_scheduler",
  "create_sdf_field",
  "create_sdf_text",
  "create_set_navigator",
  "create_setlist_runner",
  "create_shader_lib",
  "create_shader_park",
  "create_shared_memory_bridge",
  "create_show_failover",
  "create_sidechain_pump",
  "create_simulation",
  "create_slit_scan",
  "create_spectrum",
  "create_stage_dashboard",
  "create_step_repeat",
  "create_stipple_pointcloud",
  "create_strange_attractor",
  "create_strobe",
  "create_synesthesia_unreal_osc",
  "create_td_node",
  "create_tempo_sync",
  "create_terrain",
  "create_test_pattern",
  "create_text_3d",
  "create_text_crawl",
  "create_text_overlay",
  "create_time_echo",
  "create_transient_reactive",
  "create_transition",
  "create_two_way_surface",
  "create_vector_lines",
  "create_vertex_displacement_mat",
  "create_video_player",
  "create_video_scopes",
  "create_video_synth",
  "create_vintage_lens",
  "create_visual_system",
  "create_volumetric_field",
  "create_voxel_stack",
  "create_waveform",
  "create_xy_pad",
  "curated_collection_pack",
  "delete_td_node",
  "detect_onsets",
  "detect_pitch",
  "detect_tempo",
  "diagnose_hardware_environment",
  "diagnose_tdableton_mapper",
  "diff_library_assets",
  "diff_snapshots",
  "disconnect_nodes",
  "document_network",
  "draft_recipe_from_operator_chain",
  "draft_recipe_from_technique",
  "draft_recipe_from_tutorial",
  "drive_streamdiffusion",
  "duplicate_network",
  "edit_dat_content",
  "elicit_missing_args",
  "enhance_build",
  "exec_node_method",
  "execute_python_script",
  "export_externalized_tree",
  "export_look_tox",
  "export_network_to_vault",
  "export_palette_component",
  "export_recipe_bundle",
  "export_setlist_to_vault",
  "export_sop_to_svg",
  "extend_data_source_fabric",
  "extract_audio_features",
  "extract_palette",
  "find_td_nodes",
  "focus_network_editor",
  "generate_from_moodboard",
  "generate_library_index",
  "generate_readme",
  "generative_classics_pack",
  "get_bridge_logs",
  "get_dat_content",
  "get_inline_preview",
  "get_module_help",
  "get_node_state_runtime",
  "get_operator_workflow_guide",
  "get_parameter_menu",
  "get_preview",
  "get_td_class_details",
  "get_td_classes",
  "get_td_info",
  "get_td_node_errors",
  "get_td_node_flags",
  "get_td_node_parameters",
  "get_td_nodes",
  "get_td_performance",
  "get_td_topology",
  "get_technique_detail",
  "get_tutorial",
  "image_to_particles",
  "import_isf_shader",
  "import_model",
  "import_recipe_bundle",
  "import_recipe_from_url",
  "import_setlist",
  "import_shadertoy",
  "inspect_component_manifest",
  "inspect_gpu_and_displays",
  "inspect_op_extensions_storage",
  "install_library_package",
  "learn_control",
  "learn_conventions",
  "learn_from_my_corpus",
  "library_lineage_graph",
  "lint_recipe_library",
  "list_recipes",
  "load_session_profile",
  "local_marketplace_index",
  "log_performance",
  "macro_recorder",
  "make_portable_tox",
  "manage_annotation",
  "manage_checkpoint",
  "manage_component",
  "manage_component_storage",
  "manage_cue",
  "manage_packages",
  "manage_presets",
  "merge_vaults",
  "moodboard_to_system",
  "morph_pack",
  "multipass_3d_depth",
  "narrate_set",
  "optimize_performance",
  "plan_td_version_migration",
  "plan_visual",
  "post_passes_3d",
  "profile_cook_cost",
  "project_documentation_site",
  "provenance_stamp",
  "publish_recipe_bundle",
  "randomize_controls",
  "read_parameter_modes",
  "rebuild_network",
  "recall_similar_work",
  "record_movie",
  "refresh_asset_previews",
  "reload_bridge",
  "render_output",
  "repair_network",
  "run_macro_script",
  "save_component_to_vault",
  "save_recipe_to_vault",
  "scaffold_extension",
  "scaffold_genre",
  "scaffold_recipe_from_network",
  "scaffold_recipe_template",
  "scaffold_show",
  "scaffold_tool_generator",
  "scaffold_vault",
  "scaffold_vj_deck",
  "score_build",
  "search_operators",
  "search_python_api",
  "search_touchdesigner_knowledge",
  "serialize_network",
  "set_dat_content",
  "set_parameter_expression",
  "set_parameters_batch",
  "set_perform_mode",
  "setup_body_tracking",
  "setup_face_tracking",
  "setup_hand_tracking",
  "setup_mediapipe_plugin",
  "setup_output",
  "setup_segmentation",
  "setup_tdableton",
  "snapshot_td_graph",
  "style_memory",
  "suggest_operator_chain",
  "summarize_td_errors",
  "swap_operator",
  "sync_external_clock",
  "sync_presets_vault",
  "sync_timecode",
  "tag_and_search_library",
  "tutorial_companion_pack",
  "update_td_node_parameters",
  "validate_library_asset",
  "validate_operator_chain",
  "variant_pack",
  "vault_repo_sync",
  "version_library_asset",
  "watch_node",
  "watch_parameter_changes",
  "write_agent_guide",
]
`;
